// Jest Snapshot v1, https://goo.gl/fbAQLP

exports[`<PhoneDetailComponent/ > renders Theme button correctly with all required fields 1`] = `
<div
  className="menu-button__wrapper"
>
  <button
    className="menu-button"
    onClick={[Function]}
    type="button"
  >
    <span>
      Theme:
    </span>
     
    
  </button>
</div>
`;
