// Jest Snapshot v1, https://goo.gl/fbAQLP

exports[`<Spinner/ > renders correctly 1`] = `
<div
  className="spinner-lds-pacman__wrapper"
>
  <div
    className="spinner-lds-pacman"
  >
    <div>
      <div />
      <div />
      <div />
    </div>
    <div>
      <div />
      <div />
    </div>
  </div>
</div>
`;
