// Jest Snapshot v1, https://goo.gl/fbAQLP

exports[`<PhoneDetailModal/ > renders correctly when Modal is closed 1`] = `<div />`;
