// Jest Snapshot v1, https://goo.gl/fbAQLP

exports[`<PhoneDetailComponent/ > renders correctly with all required fields 1`] = `
<button
  className="details-button"
  onClick={[Function]}
>
  <span>
    Details
  </span>
</button>
`;
